20
222
221
230
